// Jest Snapshot v1, https://goo.gl/fbAQLP

exports[`MyComponent should have 1 matched perperty and render tables 1`] = `
Array [
  <div
    className="earthquake-wrapper"
    id="earthquake-detail"
  >
    <h3>
      title
    </h3>
    <table>
      <tbody>
        <tr>
          <td>
            Title
          </td>
          <td>
            title
          </td>
        </tr>
        <tr>
          <td>
            Magnitude
          </td>
          <td>
            mag
          </td>
        </tr>
        <tr>
          <td>
            Time
          </td>
          <td>
            time
          </td>
        </tr>
        <tr>
          <td>
            Status
          </td>
          <td>
            status
          </td>
        </tr>
        <tr>
          <td>
            Tsunami
          </td>
          <td>
            tsunami
          </td>
        </tr>
        <tr>
          <td>
            Type
          </td>
          <td>
            type
          </td>
        </tr>
      </tbody>
    </table>
  </div>,
]
`;

exports[`MyComponent should render my component 1`] = `
Array [
  <div
    className="earthquake-wrapper"
    id="earthquake-detail"
  >
    <h3>
      title
    </h3>
    <table>
      <tbody>
        <tr>
          <td>
            Title
          </td>
          <td>
            title
          </td>
        </tr>
        <tr>
          <td>
            Magnitude
          </td>
          <td>
            mag
          </td>
        </tr>
        <tr>
          <td>
            Time
          </td>
          <td>
            time
          </td>
        </tr>
        <tr>
          <td>
            Status
          </td>
          <td>
            status
          </td>
        </tr>
        <tr>
          <td>
            Tsunami
          </td>
          <td>
            tsunami
          </td>
        </tr>
        <tr>
          <td>
            Type
          </td>
          <td>
            type
          </td>
        </tr>
      </tbody>
    </table>
  </div>,
]
`;
